// Jest Snapshot v1, https://goo.gl/fbAQLP

exports[`Test Rating Component 1`] = `
<span
  style={
    Object {
      "width": "80%",
    }
  }
/>
`;
