// Jest Snapshot v1, https://goo.gl/fbAQLP

exports[`Test Property Component 1`] = `null`;
