// Jest Snapshot v1, https://goo.gl/fbAQLP

exports[`Test ButtonFeature Component 1`] = `
<button
  className="undefined button"
  onClick={[Function]}
  type="button"
>
  <svg
    className="place-card__bookmark-icon"
  >
    <use
      xlinkHref="#icon-bookmark"
    />
  </svg>
  <span
    className="visually-hidden"
  >
    To bookmarks
  </span>
</button>
`;
